// Jest Snapshot v1, https://goo.gl/fbAQLP

exports[`WizardStep matches snapshot 1`] = `
<React.Fragment>
  <div
    className="wizard-step--container"
  >
    <div
      className="wizard-step--child"
    >
      this is a text
    </div>
  </div>
  <WizardButtonBar
    nextLabel="Next"
    onClickNext={[Function]}
    onClickPrevious={[Function]}
    previousLabel="Previous"
  />
</React.Fragment>
`;
